[backblue.gif]
[fade.gif]
[index.html]
[www.google-analytics.com/analytics.js]
[eliteadmin.themedesigner.in/demos/eliteadmin-material/tables.1.delayed]
[eliteadmin.themedesigner.in/demos/eliteadmin-material/index3.html]
[eliteadmin.themedesigner.in/demos/eliteadmin-material/index.html]
[eliteadmin.themedesigner.in/demos/eliteadmin-material/form-basic.html]
[eliteadmin.themedesigner.in/demos/eliteadmin-material/form-layout.html]
[eliteadmin.themedesigner.in/demos/eliteadmin-material/form-advanced.html]
[eliteadmin.themedesigner.in/demos/eliteadmin-material/form-material-elements.html]
[eliteadmin.themedesigner.in/demos/eliteadmin-material/crud-table.html]
[eliteadmin.themedesigner.in/demos/eliteadmin-material/form-float-input.html]
[eliteadmin.themedesigner.in/demos/eliteadmin-material/form-upload.html]
[eliteadmin.themedesigner.in/demos/eliteadmin-material/form-mask.html]
[eliteadmin.themedesigner.in/demos/eliteadmin-material/form-img-cropper.html]
[eliteadmin.themedesigner.in/demos/eliteadmin-material/form-validation.html]
[eliteadmin.themedesigner.in/demos/eliteadmin-material/form-dropzone.html]
[eliteadmin.themedesigner.in/demos/eliteadmin-material/form-pickers.html]
[eliteadmin.themedesigner.in/demos/eliteadmin-material/icheck-control.html]
[eliteadmin.themedesigner.in/demos/eliteadmin-material/form-wizard.html]
[eliteadmin.themedesigner.in/demos/eliteadmin-material/form-typehead.html]
[eliteadmin.themedesigner.in/demos/eliteadmin-material/forms.html]
[eliteadmin.themedesigner.in/demos/eliteadmin-material/form-xeditable.html]
[eliteadmin.themedesigner.in/demos/eliteadmin-material/form-summernote.html]
[eliteadmin.themedesigner.in/demos/eliteadmin-material/form-bootstrap-wysihtml5.html]
[eliteadmin.themedesigner.in/demos/eliteadmin-material/form-tinymce-wysihtml5.html]
[eliteadmin.themedesigner.in/demos/eliteadmin-material/basic-table.html]
[eliteadmin.themedesigner.in/demos/eliteadmin-material/table-layouts.html]
[cdn.datatables.net/buttons/1.2.2/js/dataTables.buttons.min.js]
[cdn.datatables.net/buttons/1.2.2/js/buttons.flash.min.js]
[cdn.rawgit.com/bpampuch/pdfmake/0.1.18/build/pdfmake.min.js]
[eliteadmin.themedesigner.in/demos/eliteadmin-material/data-table.html]
[eliteadmin.themedesigner.in/demos/eliteadmin-material/crud-table.html]
[eliteadmin.themedesigner.in/demos/eliteadmin-material/bootstrap-tables.html]
[eliteadmin.themedesigner.in/demos/eliteadmin-material/responsive-tables.html]
[eliteadmin.themedesigner.in/demos/eliteadmin-material/editable-tables.html]
[eliteadmin.themedesigner.in/demos/eliteadmin-material/foo-tables.html]
[eliteadmin.themedesigner.in/demos/eliteadmin-material/jsgrid.html]
[eliteadmin.themedesigner.in/demos/eliteadmin-material/flot.html]
[eliteadmin.themedesigner.in/demos/eliteadmin-material/morris-chart.html]
[eliteadmin.themedesigner.in/demos/eliteadmin-material/chart-js.html]
[eliteadmin.themedesigner.in/demos/eliteadmin-material/peity-chart.html]
[eliteadmin.themedesigner.in/demos/eliteadmin-material/knob-chart.html]
[eliteadmin.themedesigner.in/demos/eliteadmin-material/sparkline-chart.html]
[eliteadmin.themedesigner.in/demos/eliteadmin-material/extra-charts.html]
[eliteadmin.themedesigner.in/demos/eliteadmin-material/index2.html]
[eliteadmin.themedesigner.in/demos/eliteadmin-material/index4.html]
[eliteadmin.themedesigner.in/demos/eliteadmin-material/inbox.html]
[eliteadmin.themedesigner.in/demos/eliteadmin-material/chat.html]
[eliteadmin.themedesigner.in/demos/eliteadmin-material/inbox-detail.html]
[eliteadmin.themedesigner.in/demos/eliteadmin-material/compose.html]
[eliteadmin.themedesigner.in/demos/eliteadmin-material/contact.html]
[eliteadmin.themedesigner.in/demos/eliteadmin-material/contact2.html]
[eliteadmin.themedesigner.in/demos/eliteadmin-material/contact-detail.html]
[eliteadmin.themedesigner.in/demos/eliteadmin-material/cards.html]
[eliteadmin.themedesigner.in/demos/eliteadmin-material/panels-wells.html]
[eliteadmin.themedesigner.in/demos/eliteadmin-material/panel-ui-block.html]
[eliteadmin.themedesigner.in/demos/eliteadmin-material/panel-draggable.html]
[eliteadmin.themedesigner.in/demos/eliteadmin-material/portlet-draggable.html]
[eliteadmin.themedesigner.in/demos/eliteadmin-material/buttons.html]
[eliteadmin.themedesigner.in/demos/eliteadmin-material/bootstrap-switch.html]
[eliteadmin.themedesigner.in/demos/eliteadmin-material/date-paginator.html]
[eliteadmin.themedesigner.in/demos/eliteadmin-material/sweatalert.html]
[eliteadmin.themedesigner.in/demos/eliteadmin-material/typography.html]
[eliteadmin.themedesigner.in/demos/eliteadmin-material/grid.html]
[eliteadmin.themedesigner.in/demos/eliteadmin-material/tabs.html]
[eliteadmin.themedesigner.in/demos/eliteadmin-material/tab-stylish.html]
[eliteadmin.themedesigner.in/demos/eliteadmin-material/modals.html]
[eliteadmin.themedesigner.in/demos/eliteadmin-material/progressbars.html]
[eliteadmin.themedesigner.in/demos/eliteadmin-material/notification.html]
[eliteadmin.themedesigner.in/demos/eliteadmin-material/carousel.html]
[eliteadmin.themedesigner.in/demos/eliteadmin-material/list-style.html]
[eliteadmin.themedesigner.in/demos/eliteadmin-material/user-cards.html]
[eliteadmin.themedesigner.in/demos/eliteadmin-material/timeline.html]
[eliteadmin.themedesigner.in/demos/eliteadmin-material/timeline-horizontal.html]
[eliteadmin.themedesigner.in/demos/eliteadmin-material/nestable.html]
[eliteadmin.themedesigner.in/demos/eliteadmin-material/range-slider.html]
[eliteadmin.themedesigner.in/demos/eliteadmin-material/ribbons.html]
[eliteadmin.themedesigner.in/demos/eliteadmin-material/steps.html]
[eliteadmin.themedesigner.in/demos/eliteadmin-material/session-idle-timeout.html]
[eliteadmin.themedesigner.in/demos/eliteadmin-material/session-timeout.html]
[eliteadmin.themedesigner.in/demos/eliteadmin-material/bootstrap.html]
[eliteadmin.themedesigner.in/demos/eliteadmin-material/tooltip-stylish.html]
[eliteadmin.themedesigner.in/demos/eliteadmin-material/forms.html]
[eliteadmin.themedesigner.in/demos/eliteadmin-material/starter-page.html]
[eliteadmin.themedesigner.in/demos/eliteadmin-material/blank.html]
[cdn.datatables.net/buttons/1.2.2/js/buttons.html5.min.js]
[eliteadmin.themedesigner.in/demos/eliteadmin-material/www.youtube.com/watch.c7d1c.delayed]
[eliteadmin.themedesigner.in/demos/eliteadmin-material/lightbox.html]
[eliteadmin.themedesigner.in/demos/eliteadmin-material/treeview.html]
[eliteadmin.themedesigner.in/demos/eliteadmin-material/search-result.html]
[eliteadmin.themedesigner.in/demos/eliteadmin-material/utility-classes.html]
[eliteadmin.themedesigner.in/demos/eliteadmin-material/custom-scroll.html]
[eliteadmin.themedesigner.in/demos/eliteadmin-material/login.html]
[eliteadmin.themedesigner.in/demos/eliteadmin-material/login2.html]
[eliteadmin.themedesigner.in/demos/eliteadmin-material/animation.html]
[eliteadmin.themedesigner.in/demos/eliteadmin-material/profile.html]
[eliteadmin.themedesigner.in/demos/eliteadmin-material/invoice.html]
[eliteadmin.themedesigner.in/demos/eliteadmin-material/faq.html]
[eliteadmin.themedesigner.in/demos/eliteadmin-material/gallery.html]
[eliteadmin.themedesigner.in/demos/eliteadmin-material/pricing.html]
[eliteadmin.themedesigner.in/demos/eliteadmin-material/register.html]
[eliteadmin.themedesigner.in/demos/eliteadmin-material/register2.html]
[eliteadmin.themedesigner.in/demos/eliteadmin-material/register3.html]
[eliteadmin.themedesigner.in/demos/eliteadmin-material/recoverpw.html]
[eliteadmin.themedesigner.in/demos/eliteadmin-material/lock-screen.html]
[eliteadmin.themedesigner.in/demos/eliteadmin-material/400.html]
[eliteadmin.themedesigner.in/demos/eliteadmin-material/403.html]
[eliteadmin.themedesigner.in/demos/eliteadmin-material/404.html]
[eliteadmin.themedesigner.in/demos/eliteadmin-material/500.html]
[eliteadmin.themedesigner.in/demos/eliteadmin-material/503.html]
[eliteadmin.themedesigner.in/demos/eliteadmin-material/tables.html]
[eliteadmin.themedesigner.in/demos/eliteadmin-material/widgets.html]
[eliteadmin.themedesigner.in/demos/eliteadmin-material/fontawesome.html]
[eliteadmin.themedesigner.in/demos/eliteadmin-material/themifyicon.html]
[eliteadmin.themedesigner.in/demos/eliteadmin-material/simple-line.html]
[eliteadmin.themedesigner.in/demos/eliteadmin-material/material-icons.html]
[eliteadmin.themedesigner.in/demos/eliteadmin-material/linea-icon.html]
[eliteadmin.themedesigner.in/demos/eliteadmin-material/weather.html]
[eliteadmin.themedesigner.in/demos/eliteadmin-material/map-google.html]
[eliteadmin.themedesigner.in/demos/eliteadmin-material/map-vector.html]
[eliteadmin.themedesigner.in/demos/eliteadmin-material/calendar.html]
[eliteadmin.themedesigner.in/demos/eliteadmin-material/documentation.html]
[eliteadmin.themedesigner.in/demos/eliteadmin-material/www.youtube.com/watch7d1c.html]
[eliteadmin.themedesigner.in/demos/plugins/images/favicon.png]
[eliteadmin.themedesigner.in/demos/eliteadmin-material/bootstrap/dist/css/bootstrap.min.css]
[eliteadmin.themedesigner.in/demos/plugins/images/eliteadmin-logo.png]
[eliteadmin.themedesigner.in/demos/plugins/bower_components/bootstrap-extension/css/bootstrap-extension.css]
[eliteadmin.themedesigner.in/demos/plugins/images/users/pawandeep.html]
[www.google-analytics.com/analytics.js]
[eliteadmin.themedesigner.in/demos/plugins/images/users/sonu.html]
[eliteadmin.themedesigner.in/demos/plugins/images/eliteadmin-text.html]
[eliteadmin.themedesigner.in/demos/plugins/bower_components/sidebar-nav/dist/sidebar-nav.min.css]
[eliteadmin.themedesigner.in/demos/plugins/images/users/arijit.html]
[eliteadmin.themedesigner.in/demos/plugins/bower_components/morrisjs/morris.css]
[eliteadmin.themedesigner.in/demos/eliteadmin-material/css/animate.css]
[eliteadmin.themedesigner.in/demos/plugins/images/users/varun.html]
[eliteadmin.themedesigner.in/demos/plugins/images/news/slide1.html]
[eliteadmin.themedesigner.in/demos/plugins/images/users/genu.html]
[eliteadmin.themedesigner.in/demos/plugins/images/users/ritesh.html]
[eliteadmin.themedesigner.in/demos/eliteadmin-material/less/icons/font-awesome/fonts/fontawesome-webfont.d3295.delayed]
[eliteadmin.themedesigner.in/demos/plugins/images/users/hritik.html]
[eliteadmin.themedesigner.in/demos/plugins/images/users/john.html]
[eliteadmin.themedesigner.in/demos/plugins/bower_components/jquery/dist/jquery.min.html]
[eliteadmin.themedesigner.in/demos/eliteadmin-material/less/icons/font-awesome/fonts/fontawesome-webfont.ed41d.delayed]
[eliteadmin.themedesigner.in/demos/eliteadmin-material/bootstrap/dist/js/tether.min.html]
[eliteadmin.themedesigner.in/demos/eliteadmin-material/bootstrap/dist/js/bootstrap.min.html]
[eliteadmin.themedesigner.in/demos/eliteadmin-material/less/icons/font-awesome/fonts/fontawesome-webfont.f3295.delayed]
[eliteadmin.themedesigner.in/demos/plugins/bower_components/bootstrap-extension/js/bootstrap-extension.min.html]
[eliteadmin.themedesigner.in/demos/plugins/bower_components/sidebar-nav/dist/sidebar-nav.min.html]
[eliteadmin.themedesigner.in/demos/plugins/bower_components/waypoints/lib/jquery.waypoints.html]
[eliteadmin.themedesigner.in/demos/plugins/bower_components/counterup/jquery.counterup.min.js]
[eliteadmin.themedesigner.in/demos/eliteadmin-material/js/jquery.slimscroll.js]
[eliteadmin.themedesigner.in/demos/eliteadmin-material/less/icons/font-awesome/fonts/fontawesome-webfont.103295.delayed]
[eliteadmin.themedesigner.in/demos/eliteadmin-material/js/waves.js]
[eliteadmin.themedesigner.in/demos/plugins/bower_components/raphael/raphael-min.html]
[eliteadmin.themedesigner.in/demos/plugins/bower_components/morrisjs/morris.html]
[eliteadmin.themedesigner.in/demos/plugins/bower_components/jquery-sparkline/jquery.sparkline.min.html]
[eliteadmin.themedesigner.in/demos/eliteadmin-material/js/custom.min.html]
[eliteadmin.themedesigner.in/demos/eliteadmin-material/less/icons/font-awesome/fonts/fontawesome-webfont3295.ttf]
[eliteadmin.themedesigner.in/demos/eliteadmin-material/js/dashboard3.html]
[eliteadmin.themedesigner.in/demos/plugins/bower_components/styleswitcher/jQuery.style.switcher.html]
[eliteadmin.themedesigner.in/demos/eliteadmin-material/less/icons/themify-icons/fonts/themify9f24.eot]
[eliteadmin.themedesigner.in/demos/plugins/images/large/img1.html]
[eliteadmin.themedesigner.in/demos/plugins/bower_components/flot/jquery.flot.html]
[eliteadmin.themedesigner.in/demos/plugins/bower_components/flot.tooltip/js/jquery.flot.tooltip.min.html]
[eliteadmin.themedesigner.in/demos/plugins/bower_components/vectormap/jquery-jvectormap-2.0.2.min.html]
[eliteadmin.themedesigner.in/demos/plugins/bower_components/vectormap/jquery-jvectormap-world-mill-en.html]
[eliteadmin.themedesigner.in/demos/eliteadmin-material/less/icons/themify-icons/fonts/themifyd41d.eot]
[eliteadmin.themedesigner.in/demos/plugins/bower_components/jquery.easy-pie-chart/dist/jquery.easypiechart.min.html]
[eliteadmin.themedesigner.in/demos/eliteadmin-material/less/icons/themify-icons/fonts/themify.159f24.delayed]
[eliteadmin.themedesigner.in/demos/plugins/bower_components/jquery.easy-pie-chart/easy-pie-chart.init.html]
[eliteadmin.themedesigner.in/demos/eliteadmin-material/js/dashboard2.html]
[eliteadmin.themedesigner.in/demos/eliteadmin-material/js/jasny-bootstrap.html]
[eliteadmin.themedesigner.in/demos/eliteadmin-material/less/icons/themify-icons/fonts/themify9f24.ttf]
[eliteadmin.themedesigner.in/demos/eliteadmin-material/less/icons/simple-line-icons/fonts/Simple-Line-Icons.1b4c82.delayed]
[eliteadmin.themedesigner.in/demos/plugins/bower_components/switchery/dist/switchery.min.html]
[eliteadmin.themedesigner.in/demos/plugins/bower_components/custom-select/custom-select.min.html]
[eliteadmin.themedesigner.in/demos/plugins/bower_components/bootstrap-select/bootstrap-select.min.html]
[eliteadmin.themedesigner.in/demos/plugins/bower_components/bootstrap-tagsinput/dist/bootstrap-tagsinput.min.html]
[eliteadmin.themedesigner.in/demos/eliteadmin-material/less/icons/simple-line-icons/fonts/Simple-Line-Icons.1c4c82.delayed]
[eliteadmin.themedesigner.in/demos/plugins/bower_components/bootstrap-touchspin/dist/jquery.bootstrap-touchspin.min.html]
[eliteadmin.themedesigner.in/demos/plugins/bower_components/multiselect/js/jquery.multi-select.html]
[eliteadmin.themedesigner.in/demos/plugins/bower_components/dropify/src/images/test-image-1.html]
[eliteadmin.themedesigner.in/demos/plugins/bower_components/dropify/src/images/test-image-2.html]
[eliteadmin.themedesigner.in/demos/plugins/bower_components/dropify/dist/js/dropify.min.html]
[eliteadmin.themedesigner.in/demos/eliteadmin-material/less/icons/weather-icons/font/weathericons-regular-webfont.woff2]
[eliteadmin.themedesigner.in/demos/eliteadmin-material/js/mask.html]
[eliteadmin.themedesigner.in/demos/plugins/images/big/img1.html]
[eliteadmin.themedesigner.in/demos/eliteadmin-material/less/icons/weather-icons/font/weathericons-regular-webfont.woff]
[eliteadmin.themedesigner.in/demos/plugins/bower_components/cropper/cropper.min.html]
[eliteadmin.themedesigner.in/demos/eliteadmin-material/less/icons/linea-icons/fonts/linea-music-10.20.delayed]
[eliteadmin.themedesigner.in/demos/plugins/bower_components/cropper/cropper-init.html]
[eliteadmin.themedesigner.in/demos/eliteadmin-material/js/validator.html]
[eliteadmin.themedesigner.in/demos/eliteadmin-material/css/style.css]
[eliteadmin.themedesigner.in/demos/eliteadmin-material/css/colors/default.css]
[eliteadmin.themedesigner.in/demos/plugins/bower_components/dropzone-master/dist/dropzone.html]
[eliteadmin.themedesigner.in/demos/eliteadmin-material/index.html]
[eliteadmin.themedesigner.in/demos/plugins/bower_components/moment/moment.html]
[eliteadmin.themedesigner.in/demos/plugins/bower_components/clockpicker/dist/jquery-clockpicker.min.html]
[eliteadmin.themedesigner.in/demos/plugins/bower_components/jquery-asColorPicker-master/libs/jquery-asColor.html]
[eliteadmin.themedesigner.in/demos/eliteadmin-material/form-basic.html]
[eliteadmin.themedesigner.in/demos/plugins/bower_components/jquery-asColorPicker-master/dist/jquery-asColorPicker.min.html]
[eliteadmin.themedesigner.in/demos/plugins/bower_components/jquery-asColorPicker-master/libs/jquery-asGradient.html]
[eliteadmin.themedesigner.in/demos/plugins/bower_components/bootstrap-datepicker/bootstrap-datepicker.min.html]
[eliteadmin.themedesigner.in/demos/plugins/bower_components/timepicker/bootstrap-timepicker.min.html]
[eliteadmin.themedesigner.in/demos/plugins/bower_components/vectormap/jquery-jvectormap-2.0.2.css]
[eliteadmin.themedesigner.in/demos/plugins/bower_components/bootstrap-daterangepicker/daterangepicker.html]
[eliteadmin.themedesigner.in/demos/plugins/bower_components/css-chart/css-chart.css]
[eliteadmin.themedesigner.in/demos/plugins/bower_components/icheck/icheck.init.js]
[eliteadmin.themedesigner.in/demos/plugins/bower_components/bootstrap-datepicker/bootstrap-datepicker.min.css]
[eliteadmin.themedesigner.in/demos/plugins/bower_components/icheck/icheck.min.html]
[eliteadmin.themedesigner.in/demos/plugins/bower_components/jquery-wizard-master/dist/jquery-wizard.min.html]
[eliteadmin.themedesigner.in/demos/plugins/bower_components/custom-select/custom-select.css]
[eliteadmin.themedesigner.in/demos/plugins/bower_components/jquery-wizard-master/libs/formvalidation/formValidation.min.html]
[eliteadmin.themedesigner.in/demos/plugins/bower_components/jquery-wizard-master/libs/formvalidation/bootstrap.min.html]
[eliteadmin.themedesigner.in/demos/plugins/bower_components/typeahead.js-master/dist/typeahead.bundle.min.html]
[eliteadmin.themedesigner.in/demos/plugins/bower_components/typeahead.js-master/dist/typeahead-init.html]
[eliteadmin.themedesigner.in/demos/plugins/bower_components/bootstrap-tagsinput/dist/bootstrap-tagsinput.css]
[eliteadmin.themedesigner.in/demos/plugins/bower_components/x-editable/dist/bootstrap3-editable/js/bootstrap-editable.min.html]
[eliteadmin.themedesigner.in/demos/plugins/bower_components/bootstrap-touchspin/dist/jquery.bootstrap-touchspin.min.css]
[eliteadmin.themedesigner.in/demos/plugins/bower_components/summernote/dist/summernote.min.html]
[eliteadmin.themedesigner.in/demos/plugins/bower_components/multiselect/css/multi-select.css]
[eliteadmin.themedesigner.in/demos/plugins/bower_components/html5-editor/wysihtml5-0.3.0.html]
[eliteadmin.themedesigner.in/demos/plugins/bower_components/html5-editor/bootstrap-wysihtml5.html]
[eliteadmin.themedesigner.in/demos/plugins/bower_components/dropify/dist/css/dropify.min.css]
[eliteadmin.themedesigner.in/demos/plugins/bower_components/tinymce/tinymce.min.html]
[eliteadmin.themedesigner.in/demos/plugins/bower_components/cropper/cropper.min.css]
[eliteadmin.themedesigner.in/demos/plugins/bower_components/peity/jquery.peity.min.html]
[eliteadmin.themedesigner.in/demos/eliteadmin-material/cropped.html]
[eliteadmin.themedesigner.in/demos/plugins/bower_components/peity/jquery.peity.init.html]
[eliteadmin.themedesigner.in/demos/plugins/bower_components/dropzone-master/dist/dropzone.css]
[eliteadmin.themedesigner.in/demos/plugins/bower_components/datatables/jquery.dataTables.min.html]
[eliteadmin.themedesigner.in/demos/plugins/bower_components/clockpicker/dist/jquery-clockpicker.min.css]
[eliteadmin.themedesigner.in/demos/plugins/bower_components/jquery-asColorPicker-master/css/asColorPicker.css]
[cdn.datatables.net/buttons/1.2.2/js/dataTables.buttons.min.js]
[eliteadmin.themedesigner.in/demos/plugins/bower_components/timepicker/bootstrap-timepicker.min.css]
[cdn.datatables.net/buttons/1.2.2/js/buttons.flash.min.js]
[eliteadmin.themedesigner.in/demos/plugins/bower_components/bootstrap-daterangepicker/daterangepicker.css]
[cdn.rawgit.com/bpampuch/pdfmake/0.1.18/build/pdfmake.min.js]
[eliteadmin.themedesigner.in/demos/plugins/bower_components/icheck/skins/all.css]
[cdn.datatables.net/buttons/1.2.2/js/buttons.html5.min.js]
[eliteadmin.themedesigner.in/demos/plugins/bower_components/jquery-wizard-master/css/wizard.css]
[cdn.rawgit.com/bpampuch/pdfmake/0.1.18/build/vfs_fonts.js]
[eliteadmin.themedesigner.in/demos/plugins/bower_components/jquery-wizard-master/libs/formvalidation/formValidation.min.css]
[eliteadmin.themedesigner.in/demos/plugins/bower_components/bootstrap-table/dist/bootstrap-table.min.html]
[eliteadmin.themedesigner.in/demos/plugins/bower_components/bootstrap-table/dist/bootstrap-table.ints.html]
[eliteadmin.themedesigner.in/demos/plugins/bower_components/typeahead.js-master/dist/typehead-min.css]
[eliteadmin.themedesigner.in/demos/plugins/bower_components/x-editable/dist/bootstrap3-editable/css/bootstrap-editable.css]
[eliteadmin.themedesigner.in/demos/plugins/bower_components/tablesaw-master/dist/tablesaw.html]
[eliteadmin.themedesigner.in/demos/plugins/bower_components/summernote/dist/font/summernotef534.eot]
[eliteadmin.themedesigner.in/demos/plugins/bower_components/tablesaw-master/dist/tablesaw-init.html]
[eliteadmin.themedesigner.in/demos/plugins/bower_components/summernote/dist/font/summernoted41d.eot]
[eliteadmin.themedesigner.in/demos/plugins/bower_components/summernote/dist/font/summernotef534.woff]
[eliteadmin.themedesigner.in/demos/plugins/bower_components/summernote/dist/font/summernotef534.ttf]
[eliteadmin.themedesigner.in/demos/plugins/bower_components/summernote/dist/summernote.css]
[eliteadmin.themedesigner.in/demos/plugins/bower_components/jquery-datatables-editable/jquery.dataTables.html]
[eliteadmin.themedesigner.in/demos/plugins/bower_components/datatables/dataTables.bootstrap.html]
[eliteadmin.themedesigner.in/demos/plugins/bower_components/html5-editor/bootstrap-wysihtml5.css]
[eliteadmin.themedesigner.in/demos/plugins/bower_components/tiny-editable/mindmup-editabletable.html]
[eliteadmin.themedesigner.in/demos/plugins/bower_components/tiny-editable/numeric-input-example.html]
[eliteadmin.themedesigner.in/demos/plugins/bower_components/datatables/jquery.dataTables.min.css]
[eliteadmin.themedesigner.in/demos/plugins/bower_components/footable/js/footable.all.min.html]
[eliteadmin.themedesigner.in/demos/eliteadmin-material/js/footable-init.html]
[eliteadmin.themedesigner.in/demos/plugins/bower_components/jsgrid/db.html]
[eliteadmin.themedesigner.in/demos/plugins/bower_components/jsgrid/dist/jsgrid.min.html]
[eliteadmin.themedesigner.in/demos/eliteadmin-material/js/jsgrid-init.html]
[eliteadmin.themedesigner.in/demos/plugins/bower_components/flot/jquery.flot.pie.html]
[eliteadmin.themedesigner.in/demos/plugins/bower_components/flot/jquery.flot.time.html]
[eliteadmin.themedesigner.in/demos/plugins/bower_components/flot/jquery.flot.stack.html]
[eliteadmin.themedesigner.in/demos/plugins/bower_components/flot/jquery.flot.crosshair.html]
[eliteadmin.themedesigner.in/demos/eliteadmin-material/js/flot-data.html]
[eliteadmin.themedesigner.in/demos/eliteadmin-material/js/morris-data.html]
[eliteadmin.themedesigner.in/demos/plugins/bower_components/Chart.js/chartjs.init.html]
[eliteadmin.themedesigner.in/demos/plugins/bower_components/Chart.js/Chart.min.html]
[eliteadmin.themedesigner.in/demos/plugins/bower_components/knob/jquery.knob.html]
[eliteadmin.themedesigner.in/demos/plugins/bower_components/jquery-sparkline/jquery.charts-sparkline.js]
[cdnjs.cloudflare.com/ajax/libs/jszip/2.5.0/jszip.min.js]
[eliteadmin.themedesigner.in/demos/plugins/bower_components/toast-master/js/jquery.toast.html]
[eliteadmin.themedesigner.in/demos/eliteadmin-material/js/dashboard1.html]
[eliteadmin.themedesigner.in/demos/plugins/bower_components/skycons/skycons.html]
[eliteadmin.themedesigner.in/demos/eliteadmin-material/js/dashboard4.html]
[eliteadmin.themedesigner.in/demos/eliteadmin-material/js/chat.html]
[eliteadmin.themedesigner.in/demos/plugins/images/img1.html]
[eliteadmin.themedesigner.in/demos/plugins/images/img2.html]
[eliteadmin.themedesigner.in/demos/plugins/images/img3.html]
[eliteadmin.themedesigner.in/demos/plugins/images/cards/1.html]
[eliteadmin.themedesigner.in/demos/plugins/images/cards/2.html]
[eliteadmin.themedesigner.in/demos/plugins/images/cards/3.html]
[eliteadmin.themedesigner.in/demos/plugins/images/cards/5.html]
[eliteadmin.themedesigner.in/demos/plugins/images/cards/4.html]
[eliteadmin.themedesigner.in/demos/plugins/images/cards/6.html]
[eliteadmin.themedesigner.in/demos/plugins/images/cards/7.html]
[cdn.datatables.net/buttons/1.2.2/css/buttons.dataTables.min.css]
[eliteadmin.themedesigner.in/demos/plugins/bower_components/blockUI/jquery.blockUI.html]
[eliteadmin.themedesigner.in/demos/plugins/bower_components/jqueryui/jquery-ui.min.js]
[eliteadmin.themedesigner.in/demos/plugins/bower_components/lobipanel/dist/js/lobipanel.min.html]
[eliteadmin.themedesigner.in/demos/eliteadmin-material/bootstrap/dist/js/bootstrap-3.3.7.min.html]
[eliteadmin.themedesigner.in/demos/plugins/bower_components/gridstack/gridstack.html]
[eliteadmin.themedesigner.in/demos/plugins/bower_components/gridstack/gridstack.jQueryUI.html]
[eliteadmin.themedesigner.in/demos/plugins/bower_components/bootstrap-switch/bootstrap-switch.min.html]
[eliteadmin.themedesigner.in/demos/plugins/bower_components/date-paginator/moment.min.html]
[eliteadmin.themedesigner.in/demos/plugins/bower_components/date-paginator/bootstrap-datepaginator.min.html]
[eliteadmin.themedesigner.in/demos/plugins/images/alert.html]
[eliteadmin.themedesigner.in/demos/plugins/images/alert2.html]
[eliteadmin.themedesigner.in/demos/plugins/images/alert3.html]
[eliteadmin.themedesigner.in/demos/plugins/images/alert4.html]
[eliteadmin.themedesigner.in/demos/plugins/images/alert5.html]
[eliteadmin.themedesigner.in/demos/plugins/images/alert7.html]
[cdn.datatables.net/buttons/1.2.2/js/buttons.print.min.js]
[eliteadmin.themedesigner.in/demos/plugins/images/alert6.html]
[eliteadmin.themedesigner.in/demos/plugins/bower_components/bootstrap-table/dist/bootstrap-table.min.css]
[eliteadmin.themedesigner.in/demos/plugins/bower_components/tablesaw-master/dist/tablesaw.css]
[eliteadmin.themedesigner.in/demos/plugins/bower_components/sweetalert/sweetalert.min.html]
[eliteadmin.themedesigner.in/demos/plugins/bower_components/sweetalert/jquery.sweet-alert.custom.html]
[eliteadmin.themedesigner.in/demos/plugins/bower_components/jquery-datatables-editable/datatables.css]
[eliteadmin.themedesigner.in/demos/plugins/images/large/img2.html]
[eliteadmin.themedesigner.in/demos/plugins/images/large/img3.html]
[eliteadmin.themedesigner.in/demos/plugins/bower_components/footable/css/footable.core.css]
[eliteadmin.themedesigner.in/demos/plugins/images/large/img4.html]
[eliteadmin.themedesigner.in/demos/plugins/bower_components/jsgrid/dist/jsgrid.min.css]
[eliteadmin.themedesigner.in/demos/plugins/bower_components/jsgrid/dist/jsgrid-theme.min.css]
[eliteadmin.themedesigner.in/demos/plugins/images/large/img5.html]
[eliteadmin.themedesigner.in/demos/plugins/images/large/img6.html]
[eliteadmin.themedesigner.in/demos/plugins/bower_components/toast-master/css/jquery.toast.css]
[eliteadmin.themedesigner.in/demos/eliteadmin-material/js/cbpFWTabs.html]
[eliteadmin.themedesigner.in/demos/plugins/images/model2.html]
[eliteadmin.themedesigner.in/demos/plugins/images/model.html]
[eliteadmin.themedesigner.in/demos/plugins/bower_components/jqueryui/jquery-ui.min.css]
[eliteadmin.themedesigner.in/demos/plugins/bower_components/lobipanel/dist/css/lobipanel.min.css]
[eliteadmin.themedesigner.in/demos/plugins/images/model3.html]
[eliteadmin.themedesigner.in/demos/eliteadmin-material/js/toastr.html]
[eliteadmin.themedesigner.in/demos/plugins/bower_components/gridstack/gridstack.css]
[eliteadmin.themedesigner.in/demos/plugins/images/heading-bg/slide2.html]
[eliteadmin.themedesigner.in/demos/plugins/images/heading-bg/slide3.html]
[eliteadmin.themedesigner.in/demos/plugins/images/heading-bg/slide4.html]
[eliteadmin.themedesigner.in/demos/plugins/images/heading-bg/slide6.html]
[eliteadmin.themedesigner.in/demos/plugins/images/heading-bg/slide1.html]
[eliteadmin.themedesigner.in/demos/plugins/images/big/img2.html]
[eliteadmin.themedesigner.in/demos/plugins/images/big/img3.html]
[eliteadmin.themedesigner.in/demos/plugins/images/big/img4.html]
[eliteadmin.themedesigner.in/demos/plugins/images/big/img5.html]
[eliteadmin.themedesigner.in/demos/plugins/images/big/img6.html]
[eliteadmin.themedesigner.in/demos/plugins/bower_components/owl.carousel/owl.carousel.min.html]
[eliteadmin.themedesigner.in/demos/plugins/bower_components/owl.carousel/owl.custom.html]
[eliteadmin.themedesigner.in/demos/plugins/images/users/1.html]
[eliteadmin.themedesigner.in/demos/plugins/images/users/2.html]
[eliteadmin.themedesigner.in/demos/plugins/images/users/3.html]
[eliteadmin.themedesigner.in/demos/plugins/images/users/4.html]
[eliteadmin.themedesigner.in/demos/plugins/images/users/5.html]
[eliteadmin.themedesigner.in/demos/plugins/images/users/6.html]
[eliteadmin.themedesigner.in/demos/plugins/images/users/7.html]
[eliteadmin.themedesigner.in/demos/plugins/images/users/8.html]
[eliteadmin.themedesigner.in/demos/plugins/bower_components/Magnific-Popup-master/dist/jquery.magnific-popup.min.html]
[eliteadmin.themedesigner.in/demos/plugins/bower_components/Magnific-Popup-master/dist/jquery.magnific-popup-init.html]
[eliteadmin.themedesigner.in/demos/plugins/bower_components/nestable/jquery.nestable.html]
[eliteadmin.themedesigner.in/demos/plugins/bower_components/ion-rangeslider/js/ion-rangeSlider/ion.rangeSlider-init.html]
[eliteadmin.themedesigner.in/demos/plugins/bower_components/ion-rangeslider/js/ion-rangeSlider/ion.rangeSlider.min.html]
[eliteadmin.themedesigner.in/demos/plugins/bower_components/session-timeout/idle/jquery.idletimer.html]
[eliteadmin.themedesigner.in/demos/plugins/bower_components/session-timeout/idle/jquery.idletimeout.html]
[eliteadmin.themedesigner.in/demos/plugins/bower_components/session-timeout/jquery.sessionTimeout.min.html]
[eliteadmin.themedesigner.in/demos/plugins/bower_components/session-timeout/idle/session-timeout-idle-init.html]
[eliteadmin.themedesigner.in/demos/plugins/images/big/circle.html]
[eliteadmin.themedesigner.in/demos/plugins/bower_components/session-timeout/session-timeout-init.html]
[eliteadmin.themedesigner.in/demos/plugins/images/tooltip/Euclid.html]
[eliteadmin.themedesigner.in/demos/plugins/bower_components/bootstrap-treeview-master/dist/bootstrap-treeview.min.html]
[eliteadmin.themedesigner.in/demos/plugins/bower_components/bootstrap-treeview-master/dist/bootstrap-treeview-init.html]
[eliteadmin.themedesigner.in/demos/plugins/images/eliteadmin-logo-dark.html]
[cdnjs.cloudflare.com/ajax/libs/jqueryui-touch-punch/0.2.3/jquery.ui.touch-punch.min.js]
[cdnjs.cloudflare.com/ajax/libs/lodash.js/3.5.0/lodash.min.js]
[eliteadmin.themedesigner.in/demos/plugins/images/eliteadmin-text-dark.html]
[eliteadmin.themedesigner.in/demos/eliteadmin-material/js/jquery.PrintArea.html]
[eliteadmin.themedesigner.in/demos/plugins/bower_components/bootstrap-switch/bootstrap-switch.min.css]
[eliteadmin.themedesigner.in/demos/plugins/images/assets/studio1.html]
[eliteadmin.themedesigner.in/demos/plugins/images/assets/landscape1.html]
[eliteadmin.themedesigner.in/demos/plugins/images/assets/studio2.html]
[eliteadmin.themedesigner.in/demos/plugins/images/assets/studio25.html]
[eliteadmin.themedesigner.in/demos/plugins/bower_components/sweetalert/sweetalert.css]
[eliteadmin.themedesigner.in/demos/plugins/images/assets/landscape2.html]
[eliteadmin.themedesigner.in/demos/plugins/bower_components/owl.carousel/owl.carousel.min.css]
[eliteadmin.themedesigner.in/demos/plugins/images/assets/studio27.html]
[eliteadmin.themedesigner.in/demos/plugins/images/assets/studio3.html]
[eliteadmin.themedesigner.in/demos/plugins/images/assets/studio26.html]
[eliteadmin.themedesigner.in/demos/plugins/images/assets/landscape3.html]
[eliteadmin.themedesigner.in/demos/plugins/bower_components/owl.carousel/owl.theme.default.css]
[eliteadmin.themedesigner.in/demos/plugins/bower_components/Magnific-Popup-master/dist/magnific-popup.css]
[eliteadmin.themedesigner.in/demos/plugins/images/assets/studio4.html]
[eliteadmin.themedesigner.in/demos/plugins/images/assets/landscape4.html]
[eliteadmin.themedesigner.in/demos/plugins/bower_components/horizontal-timeline/css/horizontal-timeline.css]
[eliteadmin.themedesigner.in/demos/plugins/images/assets/studio5.html]
[eliteadmin.themedesigner.in/demos/plugins/images/assets/landscape5.html]
[eliteadmin.themedesigner.in/demos/plugins/images/assets/studio6.html]
[eliteadmin.themedesigner.in/demos/plugins/bower_components/ion-rangeslider/css/ion.rangeSlider.css]
[eliteadmin.themedesigner.in/demos/plugins/images/assets/landscape6.html]
[eliteadmin.themedesigner.in/demos/plugins/bower_components/ion-rangeslider/css/ion.rangeSlider.skinModern.css]
[eliteadmin.themedesigner.in/demos/plugins/images/assets/studio7.html]
[eliteadmin.themedesigner.in/demos/plugins/images/assets/landscape7.html]
[eliteadmin.themedesigner.in/demos/plugins/images/assets/studio8.html]
[eliteadmin.themedesigner.in/demos/plugins/images/assets/landscape8.html]
[eliteadmin.themedesigner.in/demos/plugins/images/assets/studio9.html]
[eliteadmin.themedesigner.in/demos/plugins/images/assets/landscape9.html]
[eliteadmin.themedesigner.in/demos/plugins/images/assets/studio10.html]
[eliteadmin.themedesigner.in/demos/eliteadmin-material/www.youtube.com/watch7d1c.html]
[eliteadmin.themedesigner.in/demos/plugins/bower_components/gallery/css/animated-masonry-gallery.css]
[eliteadmin.themedesigner.in/demos/plugins/images/assets/landscape10.html]
[eliteadmin.themedesigner.in/demos/plugins/images/assets/studio11.html]
[eliteadmin.themedesigner.in/demos/plugins/images/assets/landscape11.html]
[eliteadmin.themedesigner.in/demos/plugins/bower_components/fancybox/ekko-lightbox.min.css]
[eliteadmin.themedesigner.in/demos/plugins/images/assets/studio12.html]
[eliteadmin.themedesigner.in/demos/plugins/images/assets/landscape12.html]
[eliteadmin.themedesigner.in/demos/plugins/images/assets/studio13.html]
[eliteadmin.themedesigner.in/demos/plugins/images/assets/landscape13.html]
[eliteadmin.themedesigner.in/demos/plugins/images/assets/studio14.html]
[eliteadmin.themedesigner.in/demos/plugins/images/assets/landscape14.html]
[eliteadmin.themedesigner.in/demos/plugins/images/assets/studio15.html]
[eliteadmin.themedesigner.in/demos/plugins/images/assets/landscape15.html]
[eliteadmin.themedesigner.in/demos/plugins/images/assets/studio16.html]
[eliteadmin.themedesigner.in/demos/plugins/images/assets/landscape16.html]
[eliteadmin.themedesigner.in/demos/plugins/images/assets/studio17.html]
[eliteadmin.themedesigner.in/demos/plugins/images/assets/landscape17.html]
[eliteadmin.themedesigner.in/demos/plugins/images/assets/studio18.html]
[eliteadmin.themedesigner.in/demos/plugins/images/assets/landscape18.html]
[eliteadmin.themedesigner.in/demos/plugins/images/assets/studio20.html]
[eliteadmin.themedesigner.in/demos/plugins/images/assets/studio19.html]
[eliteadmin.themedesigner.in/demos/plugins/images/assets/studio21.html]
[eliteadmin.themedesigner.in/demos/plugins/images/assets/studio22.html]
[eliteadmin.themedesigner.in/demos/plugins/images/assets/studio23.html]
[eliteadmin.themedesigner.in/demos/plugins/bower_components/gallery/js/animated-masonry-gallery.html]
[eliteadmin.themedesigner.in/demos/plugins/images/assets/studio24.html]
[eliteadmin.themedesigner.in/demos/plugins/bower_components/fancybox/ekko-lightbox.min.html]
[eliteadmin.themedesigner.in/demos/plugins/bower_components/gallery/js/jquery.isotope.min.html]
[eliteadmin.themedesigner.in/demos/plugins/bower_components/register-steps/jquery.easing.min.html]
[eliteadmin.themedesigner.in/demos/plugins/bower_components/register-steps/register-init.html]
[eliteadmin.themedesigner.in/demos/eliteadmin-material/js/widget.html]
[eliteadmin.themedesigner.in/demos/plugins/bower_components/gmaps/gmaps.min.html]
[eliteadmin.themedesigner.in/demos/plugins/bower_components/register-steps/steps.css]
[eliteadmin.themedesigner.in/demos/plugins/bower_components/gmaps/jquery.gmaps.html]
[eliteadmin.themedesigner.in/demos/plugins/bower_components/vectormap/jquery-jvectormap-in-mill.html]
[eliteadmin.themedesigner.in/demos/plugins/bower_components/vectormap/jquery-jvectormap-us-aea-en.html]
[eliteadmin.themedesigner.in/demos/plugins/bower_components/vectormap/jquery-jvectormap-uk-mill-en.html]
[eliteadmin.themedesigner.in/demos/plugins/bower_components/vectormap/jquery-jvectormap-au-mill.html]
[eliteadmin.themedesigner.in/demos/plugins/bower_components/vectormap/jvectormap.custom.html]
[eliteadmin.themedesigner.in/demos/plugins/bower_components/calendar/jquery-ui.min.html]
[eliteadmin.themedesigner.in/demos/plugins/bower_components/calendar/dist/fullcalendar.min.html]
[eliteadmin.themedesigner.in/demos/plugins/bower_components/calendar/dist/cal-init.html]
[eliteadmin.themedesigner.in/demos/plugins/images/docs/template-structure.html]
[eliteadmin.themedesigner.in/demos/plugins/bower_components/calendar/dist/fullcalendar.css]
[eliteadmin.themedesigner.in/demos/plugins/images/docs/sidebar.html]
[eliteadmin.themedesigner.in/demos/eliteadmin-material/less/icons/font-awesome/fonts/fontawesome-webfontd41d.eot]
[eliteadmin.themedesigner.in/demos/eliteadmin-material/less/icons/font-awesome/fonts/fontawesome-webfont3295.ttf]
[eliteadmin.themedesigner.in/demos/eliteadmin-material/less/icons/font-awesome/fonts/fontawesome-webfont3295.woff2]
[eliteadmin.themedesigner.in/demos/plugins/bower_components/bootstrap-extension/fonts/glyphicons-halflings-regular.svg]
[eliteadmin.themedesigner.in/demos/eliteadmin-material/less/icons/simple-line-icons/fonts/Simple-Line-Icons4c82.eot]
[eliteadmin.themedesigner.in/demos/eliteadmin-material/less/icons/themify-icons/fonts/themify9f24.eot]
[eliteadmin.themedesigner.in/demos/eliteadmin-material/less/icons/themify-icons/fonts/themify9f24.woff]
[eliteadmin.themedesigner.in/demos/eliteadmin-material/less/icons/simple-line-icons/fonts/Simple-Line-Iconsd41d.eot]
[eliteadmin.themedesigner.in/demos/eliteadmin-material/less/icons/simple-line-icons/fonts/Simple-Line-Icons4c82.ttf]
[eliteadmin.themedesigner.in/demos/eliteadmin-material/less/icons/font-awesome/fonts/fontawesome-webfont3295.svg]
[eliteadmin.themedesigner.in/demos/eliteadmin-material/less/icons/simple-line-icons/fonts/Simple-Line-Icons4c82.woff2]
[eliteadmin.themedesigner.in/demos/eliteadmin-material/less/icons/weather-icons/font/weathericons-regular-webfontd41d.html]
[eliteadmin.themedesigner.in/demos/eliteadmin-material/less/icons/weather-icons/font/weathericons-regular-webfont.html]
[eliteadmin.themedesigner.in/demos/eliteadmin-material/less/icons/themify-icons/fonts/themify9f24.svg]
[eliteadmin.themedesigner.in/demos/eliteadmin-material/less/icons/weather-icons/font/weathericons-regular-webfont-2.html]
[eliteadmin.themedesigner.in/demos/eliteadmin-material/less/icons/weather-icons/font/weathericons-regular-webfont.woff2]
[eliteadmin.themedesigner.in/demos/eliteadmin-material/less/icons/linea-icons/fonts/linea-arrows-10.html]
[eliteadmin.themedesigner.in/demos/eliteadmin-material/less/icons/linea-icons/fonts/linea-arrows-10d41d.html]
[eliteadmin.themedesigner.in/demos/eliteadmin-material/less/icons/linea-icons/fonts/linea-arrows-10.woff]
[eliteadmin.themedesigner.in/demos/eliteadmin-material/less/icons/simple-line-icons/fonts/Simple-Line-Icons4c82.svg]
[eliteadmin.themedesigner.in/demos/eliteadmin-material/less/icons/linea-icons/fonts/linea-arrows-11.html]
[eliteadmin.themedesigner.in/demos/eliteadmin-material/less/icons/linea-icons/fonts/linea-basic-10.html]
[eliteadmin.themedesigner.in/demos/eliteadmin-material/less/icons/weather-icons/font/weathericons-regular-webfont.svg]
[eliteadmin.themedesigner.in/demos/eliteadmin-material/less/icons/linea-icons/fonts/linea-basic-10d41d.html]
[eliteadmin.themedesigner.in/demos/eliteadmin-material/less/icons/linea-icons/fonts/linea-basic-11.html]
[eliteadmin.themedesigner.in/demos/eliteadmin-material/less/icons/linea-icons/fonts/linea-basic-12.html]
[eliteadmin.themedesigner.in/demos/eliteadmin-material/less/icons/linea-icons/fonts/linea-arrows-10.svg]
[eliteadmin.themedesigner.in/demos/eliteadmin-material/less/icons/linea-icons/fonts/linea-basic-elaboration-10.html]
[eliteadmin.themedesigner.in/demos/eliteadmin-material/less/icons/linea-icons/fonts/linea-basic-elaboration-10d41d.html]
[eliteadmin.themedesigner.in/demos/eliteadmin-material/less/icons/linea-icons/fonts/linea-basic-elaboration-11.html]
[eliteadmin.themedesigner.in/demos/eliteadmin-material/less/icons/linea-icons/fonts/linea-basic-elaboration-12.html]
[eliteadmin.themedesigner.in/demos/eliteadmin-material/less/icons/linea-icons/fonts/linea-basic-10.svg]
[eliteadmin.themedesigner.in/demos/eliteadmin-material/less/icons/linea-icons/fonts/linea-ecommerce-10.html]
[eliteadmin.themedesigner.in/demos/eliteadmin-material/less/icons/linea-icons/fonts/linea-ecommerce-10d41d.html]
[eliteadmin.themedesigner.in/demos/eliteadmin-material/less/icons/linea-icons/fonts/linea-ecommerce-10.woff]
[eliteadmin.themedesigner.in/demos/eliteadmin-material/less/icons/linea-icons/fonts/linea-ecommerce-10.ttf]
[eliteadmin.themedesigner.in/demos/eliteadmin-material/less/icons/linea-icons/fonts/linea-basic-elaboration-10.svg]
[eliteadmin.themedesigner.in/demos/eliteadmin-material/less/icons/linea-icons/fonts/linea-music-10.html]
[eliteadmin.themedesigner.in/demos/eliteadmin-material/less/icons/linea-icons/fonts/linea-music-10d41d.html]
[eliteadmin.themedesigner.in/demos/eliteadmin-material/less/icons/linea-icons/fonts/linea-ecommerce-10.svg]
[eliteadmin.themedesigner.in/demos/eliteadmin-material/less/icons/linea-icons/fonts/linea-music-11.html]
[eliteadmin.themedesigner.in/demos/eliteadmin-material/less/icons/linea-icons/fonts/linea-software-10.html]
[eliteadmin.themedesigner.in/demos/eliteadmin-material/less/icons/linea-icons/fonts/linea-software-10d41d.html]
[eliteadmin.themedesigner.in/demos/eliteadmin-material/less/icons/linea-icons/fonts/linea-software-11.html]
[eliteadmin.themedesigner.in/demos/eliteadmin-material/less/icons/linea-icons/fonts/linea-software-12.html]
[eliteadmin.themedesigner.in/demos/eliteadmin-material/less/icons/linea-icons/fonts/linea-weather-10.eot]
[eliteadmin.themedesigner.in/demos/eliteadmin-material/less/icons/linea-icons/fonts/linea-music-10.svg]
[eliteadmin.themedesigner.in/demos/eliteadmin-material/less/icons/linea-icons/fonts/linea-weather-10.woff]
[eliteadmin.themedesigner.in/demos/eliteadmin-material/less/icons/linea-icons/fonts/linea-weather-10d41d.eot]
[eliteadmin.themedesigner.in/demos/eliteadmin-material/less/icons/linea-icons/fonts/linea-weather-10.html]
[eliteadmin.themedesigner.in/demos/eliteadmin-material/less/icons/linea-icons/fonts/linea-software-10.svg]
[eliteadmin.themedesigner.in/demos/plugins/bower_components/custom-select/select2.png]
[eliteadmin.themedesigner.in/demos/eliteadmin-material/less/icons/linea-icons/fonts/linea-weather-10.svg]
[eliteadmin.themedesigner.in/demos/plugins/images/users/govinda.html]
[eliteadmin.themedesigner.in/demos/plugins/images/tooltip/tooltip1.svg]
[eliteadmin.themedesigner.in/demos/plugins/images/tooltip/shape1.svg]
[eliteadmin.themedesigner.in/demos/plugins/bower_components/multiselect/img/switch.html]
[eliteadmin.themedesigner.in/demos/plugins/bower_components/custom-select/select2-spinner.html]
[eliteadmin.themedesigner.in/demos/plugins/bower_components/jquery-asColorPicker-master/images/transparent.png]
[eliteadmin.themedesigner.in/demos/plugins/bower_components/jquery-asColorPicker-master/images/saturation.html]
[eliteadmin.themedesigner.in/demos/plugins/bower_components/jquery-asColorPicker-master/images/hue.png]
[eliteadmin.themedesigner.in/demos/plugins/bower_components/custom-select/select2x2.html]
[eliteadmin.themedesigner.in/demos/plugins/bower_components/jquery-asColorPicker-master/images/alpha.png]
[eliteadmin.themedesigner.in/demos/plugins/bower_components/switchery/dist/switchery.min.css]
[eliteadmin.themedesigner.in/demos/plugins/bower_components/x-editable/dist/bootstrap3-editable/img/loading.gif]
[eliteadmin.themedesigner.in/demos/plugins/bower_components/x-editable/dist/bootstrap3-editable/img/clear.html]
[eliteadmin.themedesigner.in/demos/plugins/bower_components/summernote/dist/font/summernotef534.eot]
[eliteadmin.themedesigner.in/demos/plugins/bower_components/summernote/dist/font/summernoted41d.eot]
[eliteadmin.themedesigner.in/demos/plugins/bower_components/bootstrap-select/bootstrap-select.min.css]
[eliteadmin.themedesigner.in/demos/plugins/bower_components/summernote/dist/font/summernotef534.woff]
[eliteadmin.themedesigner.in/demos/plugins/bower_components/datatables/sort_both.png]
[eliteadmin.themedesigner.in/demos/plugins/bower_components/datatables/sort_asc.png]
[eliteadmin.themedesigner.in/demos/plugins/bower_components/summernote/dist/font/summernotef534.ttf]
[eliteadmin.themedesigner.in/demos/plugins/bower_components/datatables/sort_asc_disabled.png]
[eliteadmin.themedesigner.in/demos/plugins/bower_components/datatables/sort_desc_disabled.png]
[eliteadmin.themedesigner.in/demos/plugins/bower_components/datatables/sort_desc.html]
[eliteadmin.themedesigner.in/demos/plugins/bower_components/footable/css/fonts/footable.eot]
[eliteadmin.themedesigner.in/demos/plugins/bower_components/dropify/dist/fonts/dropify.svg]
[eliteadmin.themedesigner.in/demos/plugins/bower_components/footable/css/fonts/footabled41d.eot]
[eliteadmin.themedesigner.in/demos/plugins/bower_components/footable/css/fonts/footable.ttf]
[eliteadmin.themedesigner.in/demos/plugins/bower_components/footable/css/fonts/footable.html]
[eliteadmin.themedesigner.in/demos/plugins/bower_components/icheck/skins/minimal/_all.css]
[eliteadmin.themedesigner.in/demos/plugins/images/users/salman.html]
[eliteadmin.themedesigner.in/demos/plugins/bower_components/flot/excanvas.min.html]
[eliteadmin.themedesigner.in/demos/plugins/bower_components/jqueryui/images/ui-icons_555555_256x240.png]
[eliteadmin.themedesigner.in/demos/plugins/bower_components/icheck/skins/square/_all.css]
[eliteadmin.themedesigner.in/demos/plugins/bower_components/jqueryui/images/ui-icons_444444_256x240.html]
[eliteadmin.themedesigner.in/demos/plugins/bower_components/icheck/skins/flat/_all.css]
[eliteadmin.themedesigner.in/demos/plugins/bower_components/jqueryui/images/ui-icons_ffffff_256x240.html]
[eliteadmin.themedesigner.in/demos/plugins/bower_components/jqueryui/images/ui-icons_777620_256x240.html]
[eliteadmin.themedesigner.in/demos/plugins/bower_components/icheck/skins/line/_all.css]
[eliteadmin.themedesigner.in/demos/plugins/bower_components/jqueryui/images/ui-icons_777777_256x240.png]
[eliteadmin.themedesigner.in/demos/plugins/bower_components/icheck/skins/polaris/polaris.css]
[eliteadmin.themedesigner.in/demos/plugins/bower_components/horizontal-timeline/js/horizontal-timeline.html]
[eliteadmin.themedesigner.in/demos/plugins/bower_components/icheck/skins/minimal/minimal@2x.png]
[eliteadmin.themedesigner.in/demos/plugins/bower_components/ion-rangeslider/img/sprite-skin-modern.png]
[eliteadmin.themedesigner.in/demos/plugins/bower_components/icheck/skins/minimal/minimal.png]
[eliteadmin.themedesigner.in/demos/plugins/bower_components/icheck/skins/futurico/futurico.css]
[eliteadmin.themedesigner.in/demos/plugins/bower_components/icheck/skins/minimal/green.png]
[eliteadmin.themedesigner.in/demos/plugins/bower_components/footable/css/fonts/footable.svg]
[eliteadmin.themedesigner.in/demos/plugins/bower_components/icheck/skins/minimal/red.html]
[eliteadmin.themedesigner.in/demos/plugins/bower_components/icheck/skins/minimal/red@2x.html]
[eliteadmin.themedesigner.in/demos/plugins/bower_components/icheck/skins/minimal/green@2x.html]
[eliteadmin.themedesigner.in/demos/plugins/bower_components/icheck/skins/minimal/blue.html]
[eliteadmin.themedesigner.in/demos/plugins/bower_components/icheck/skins/minimal/aero.png]
[eliteadmin.themedesigner.in/demos/plugins/bower_components/icheck/skins/minimal/grey.png]
[eliteadmin.themedesigner.in/demos/plugins/bower_components/owl.carousel/owl.video.play.html]
[eliteadmin.themedesigner.in/demos/plugins/bower_components/icheck/skins/minimal/blue@2x.html]
[eliteadmin.themedesigner.in/demos/plugins/bower_components/icheck/skins/minimal/aero@2x.html]
[eliteadmin.themedesigner.in/demos/plugins/bower_components/horizontal-timeline/img/cd-arrow.svg]
[eliteadmin.themedesigner.in/demos/plugins/bower_components/icheck/skins/minimal/orange.png]
[eliteadmin.themedesigner.in/demos/plugins/bower_components/nestable/nestable.css]
[eliteadmin.themedesigner.in/demos/plugins/bower_components/icheck/skins/minimal/grey@2x.html]
[eliteadmin.themedesigner.in/demos/plugins/bower_components/icheck/skins/minimal/orange@2x.html]
[eliteadmin.themedesigner.in/demos/plugins/bower_components/icheck/skins/minimal/yellow.html]
[eliteadmin.themedesigner.in/demos/plugins/bower_components/icheck/skins/minimal/yellow@2x.png]
[eliteadmin.themedesigner.in/demos/plugins/bower_components/icheck/skins/minimal/pink@2x.png]
[eliteadmin.themedesigner.in/demos/plugins/bower_components/icheck/skins/minimal/purple.png]
[eliteadmin.themedesigner.in/demos/plugins/bower_components/icheck/skins/minimal/purple@2x.png]
[eliteadmin.themedesigner.in/demos/plugins/bower_components/icheck/skins/minimal/pink.html]
[eliteadmin.themedesigner.in/demos/plugins/bower_components/icheck/skins/square/square@2x.png]
[eliteadmin.themedesigner.in/demos/plugins/bower_components/icheck/skins/square/square.png]
[eliteadmin.themedesigner.in/demos/plugins/bower_components/icheck/skins/square/red.png]
[eliteadmin.themedesigner.in/demos/plugins/bower_components/icheck/skins/square/red@2x.png]
[eliteadmin.themedesigner.in/demos/plugins/bower_components/icheck/skins/square/green@2x.png]
[eliteadmin.themedesigner.in/demos/plugins/bower_components/icheck/skins/square/blue.png]
[eliteadmin.themedesigner.in/demos/plugins/bower_components/icheck/skins/square/blue@2x.png]
[eliteadmin.themedesigner.in/demos/plugins/bower_components/icheck/skins/square/green.png]
[eliteadmin.themedesigner.in/demos/plugins/bower_components/icheck/skins/square/aero@2x.png]
[eliteadmin.themedesigner.in/demos/plugins/bower_components/icheck/skins/square/grey.png]
[eliteadmin.themedesigner.in/demos/plugins/bower_components/icheck/skins/square/grey@2x.png]
[eliteadmin.themedesigner.in/demos/plugins/bower_components/icheck/skins/square/aero.png]
[eliteadmin.themedesigner.in/demos/plugins/bower_components/icheck/skins/square/orange@2x.png]
[eliteadmin.themedesigner.in/demos/plugins/bower_components/icheck/skins/square/yellow.png]
[eliteadmin.themedesigner.in/demos/plugins/bower_components/icheck/skins/square/yellow@2x.png]
[eliteadmin.themedesigner.in/demos/plugins/bower_components/icheck/skins/square/orange.png]
[eliteadmin.themedesigner.in/demos/plugins/bower_components/icheck/skins/square/pink.png]
[eliteadmin.themedesigner.in/demos/plugins/bower_components/icheck/skins/square/pink@2x.html]
[eliteadmin.themedesigner.in/demos/plugins/bower_components/icheck/skins/square/purple.png]
[eliteadmin.themedesigner.in/demos/plugins/bower_components/icheck/skins/square/purple@2x.png]
[eliteadmin.themedesigner.in/demos/plugins/bower_components/icheck/skins/flat/flat.png]
[eliteadmin.themedesigner.in/demos/plugins/bower_components/icheck/skins/flat/red.png]
[eliteadmin.themedesigner.in/demos/plugins/bower_components/icheck/skins/flat/red@2x.png]
[eliteadmin.themedesigner.in/demos/plugins/bower_components/icheck/skins/flat/flat@2x.html]
[eliteadmin.themedesigner.in/demos/plugins/bower_components/icheck/skins/flat/green@2x.png]
[eliteadmin.themedesigner.in/demos/plugins/bower_components/icheck/skins/flat/blue.png]
[eliteadmin.themedesigner.in/demos/plugins/bower_components/icheck/skins/flat/green.png]
[eliteadmin.themedesigner.in/demos/plugins/bower_components/icheck/skins/flat/aero.png]
[eliteadmin.themedesigner.in/demos/plugins/bower_components/icheck/skins/flat/blue@2x.png]
[eliteadmin.themedesigner.in/demos/plugins/bower_components/icheck/skins/flat/aero@2x.png]
[eliteadmin.themedesigner.in/demos/plugins/bower_components/icheck/skins/flat/grey.png]
[eliteadmin.themedesigner.in/demos/plugins/bower_components/icheck/skins/flat/orange.png]
[eliteadmin.themedesigner.in/demos/plugins/bower_components/icheck/skins/flat/grey@2x.png]
[eliteadmin.themedesigner.in/demos/plugins/bower_components/icheck/skins/flat/orange@2x.html]
[eliteadmin.themedesigner.in/demos/plugins/bower_components/icheck/skins/flat/yellow.html]
[eliteadmin.themedesigner.in/demos/plugins/bower_components/icheck/skins/flat/yellow@2x.png]
[eliteadmin.themedesigner.in/demos/plugins/bower_components/icheck/skins/flat/pink.png]
[eliteadmin.themedesigner.in/demos/plugins/bower_components/icheck/skins/line/line.png]
[eliteadmin.themedesigner.in/demos/plugins/bower_components/icheck/skins/flat/pink@2x.png]
[eliteadmin.themedesigner.in/demos/plugins/bower_components/icheck/skins/flat/purple@2x.png]
[eliteadmin.themedesigner.in/demos/plugins/bower_components/icheck/skins/polaris/polaris.png]
[eliteadmin.themedesigner.in/demos/plugins/bower_components/icheck/skins/polaris/polaris@2x.png]
[eliteadmin.themedesigner.in/demos/plugins/bower_components/icheck/skins/flat/purple.html]
[eliteadmin.themedesigner.in/demos/plugins/bower_components/icheck/skins/line/line@2x.png]
[eliteadmin.themedesigner.in/demos/plugins/bower_components/icheck/skins/futurico/futurico@2x.png]
[eliteadmin.themedesigner.in/demos/plugins/bower_components/icheck/skins/futurico/futurico.png]
[eliteadmin.themedesigner.in/demos/plugins/bower_components/jqueryui/images/ui-icons_cc0000_256x240.html]
